CCS PCM C Compiler, Version 4.104, 5967               08-ago-23 13:23

               Filename: C:\Users\mateu\Desktop\2023-2\Microcontroladores\PCW\3 - Sequencia\main.lst

               ROM used: 103 words (5%)
                         Largest free fragment is 1945
               RAM used: 5 (2%) at main() level
                         6 (3%) worst case
               Stack:    1 locations

*
0000:  MOVLW  00
0001:  MOVWF  0A
0002:  GOTO   037
0003:  NOP
.................... #include <16F628A.h> 
.................... //////// Standard Header file for the PIC16F628A device //////////////// 
.................... #device PIC16F628A 
.................... #list 
....................  
....................  
.................... #FUSES NOWDT 
.................... #FUSES HS 
.................... #FUSES NOPUT 
.................... #FUSES NOPROTECT 
.................... #FUSES BROWNOUT 
.................... #FUSES NOLVP 
.................... #FUSES NOCPD 
....................  
.................... #use delay(clock=4000000) 
*
0013:  MOVLW  21
0014:  MOVWF  04
0015:  BCF    03.7
0016:  MOVF   00,W
0017:  BTFSC  03.2
0018:  GOTO   027
0019:  MOVLW  01
001A:  MOVWF  78
001B:  CLRF   77
001C:  DECFSZ 77,F
001D:  GOTO   01C
001E:  DECFSZ 78,F
001F:  GOTO   01B
0020:  MOVLW  4A
0021:  MOVWF  77
0022:  DECFSZ 77,F
0023:  GOTO   022
0024:  GOTO   025
0025:  DECFSZ 00,F
0026:  GOTO   019
0027:  RETURN
....................  
.................... /* 
.................... void um(int i){ 
....................    OUTPUT_B(0b); 
.................... } 
.................... */ 
.................... void n0(int x){ 
....................    if(x){ 
....................       OUTPUT_B(0b11111110); 
....................    }else{ 
....................       OUTPUT_B(0b11101110); 
....................    } 
.................... } 
.................... void n1(int x){ 
....................    if(x){ 
....................       OUTPUT_B(0b00111000); 
....................    }else{ 
....................       OUTPUT_B(0b00101000); 
....................    } 
.................... } 
.................... void n4(int x){ 
....................    if(x){ 
*
0004:  MOVF   21,F
0005:  BTFSC  03.2
0006:  GOTO   00D
....................       OUTPUT_B(0b00111011);  
0007:  BSF    03.5
0008:  CLRF   06
0009:  MOVLW  3B
000A:  BCF    03.5
000B:  MOVWF  06
....................    }else{ 
000C:  GOTO   012
....................       OUTPUT_B(0b00101011); 
000D:  BSF    03.5
000E:  CLRF   06
000F:  MOVLW  2B
0010:  BCF    03.5
0011:  MOVWF  06
....................    } 
.................... } 
0012:  GOTO   05C (RETURN)
.................... void n5(int x){ 
....................    if(x){ 
*
0028:  MOVF   21,F
0029:  BTFSC  03.2
002A:  GOTO   031
....................       OUTPUT_B(0b01110111); 
002B:  BSF    03.5
002C:  CLRF   06
002D:  MOVLW  77
002E:  BCF    03.5
002F:  MOVWF  06
....................    }else{ 
0030:  GOTO   036
....................       OUTPUT_B(0b01100111); 
0031:  BSF    03.5
0032:  CLRF   06
0033:  MOVLW  67
0034:  BCF    03.5
0035:  MOVWF  06
....................    } 
.................... } 
0036:  GOTO   062 (RETURN)
....................  
.................... void main() 
.................... { 
0037:  CLRF   04
0038:  BCF    03.7
0039:  MOVLW  1F
003A:  ANDWF  03,F
003B:  MOVLW  07
003C:  MOVWF  1F
....................  
....................    setup_timer_0(RTCC_INTERNAL|RTCC_DIV_1); 
003D:  BSF    03.5
003E:  MOVF   01,W
003F:  ANDLW  C7
0040:  IORLW  08
0041:  MOVWF  01
....................    setup_timer_1(T1_DISABLED); 
0042:  BCF    03.5
0043:  CLRF   10
....................    setup_timer_2(T2_DISABLED,0,1); 
0044:  MOVLW  00
0045:  MOVWF  78
0046:  MOVWF  12
0047:  MOVLW  00
0048:  BSF    03.5
0049:  MOVWF  12
....................    setup_comparator(NC_NC_NC_NC); 
004A:  MOVLW  07
004B:  BCF    03.5
004C:  MOVWF  1F
004D:  BSF    03.5
004E:  MOVF   05,W
004F:  MOVWF  05
0050:  MOVLW  03
0051:  MOVWF  77
0052:  DECFSZ 77,F
0053:  GOTO   052
0054:  BCF    03.5
0055:  MOVF   1F,W
0056:  BCF    0C.6
....................    setup_vref(FALSE); 
0057:  BSF    03.5
0058:  CLRF   1F
.................... //Setup_Oscillator parameter not selected from Intr Oscillator Config tab 
....................  
....................    // TODO: USER CODE!! 
....................    while(true){ 
....................       n4(0); 
0059:  BCF    03.5
005A:  CLRF   21
005B:  GOTO   004
....................       delay_ms(10); 
005C:  MOVLW  0A
005D:  MOVWF  21
005E:  CALL   013
....................       n5(1); 
005F:  MOVLW  01
0060:  MOVWF  21
0061:  GOTO   028
....................       delay_ms(10); 
0062:  MOVLW  0A
0063:  MOVWF  21
0064:  CALL   013
....................        
....................    } 
0065:  GOTO   05A
....................     
.................... } 
0066:  SLEEP

Configuration Fuses:
   Word  1: 3F6A   HS NOWDT NOPUT NOPROTECT BROWNOUT MCLR NOLVP NOCPD
